time="2025-07-02T21:59:12-05:00" level=warning msg="The \"AIRFLOW_UID\" variable is not set. Defaulting to a blank string."
time="2025-07-02T21:59:12-05:00" level=warning msg="The \"AIRFLOW_UID\" variable is not set. Defaulting to a blank string."
time="2025-07-02T21:59:12-05:00" level=warning msg="The \"AIRFLOW_UID\" variable is not set. Defaulting to a blank string."
time="2025-07-02T21:59:12-05:00" level=warning msg="The \"AIRFLOW_UID\" variable is not set. Defaulting to a blank string."
time="2025-07-02T21:59:12-05:00" level=warning msg="The \"AIRFLOW_UID\" variable is not set. Defaulting to a blank string."
Compose can now delegate builds to bake for better performance.
 To do so, set COMPOSE_BAKE=true.
#0 building with "desktop-linux" instance using docker driver

#1 [airflow-scheduler internal] load build definition from Dockerfile
#1 transferring dockerfile: 1.44kB done
#1 DONE 0.0s

#2 [airflow-apiserver internal] load build definition from Dockerfile
#2 transferring dockerfile: 1.44kB done
#2 DONE 0.0s

#3 [airflow-apiserver internal] load metadata for docker.io/apache/airflow:latest-python3.11
#3 ...

#4 [airflow-apiserver auth] apache/airflow:pull token for registry-1.docker.io
#4 DONE 0.0s

#3 [airflow-apiserver internal] load metadata for docker.io/apache/airflow:latest-python3.11
#3 DONE 0.9s

#5 [airflow-scheduler internal] load .dockerignore
#5 transferring context: 2B done
#5 DONE 0.0s

#6 [airflow-apiserver internal] load .dockerignore
#6 transferring context: 2B done
#6 DONE 0.0s

#7 [airflow-scheduler 1/6] FROM docker.io/apache/airflow:latest-python3.11@sha256:c048180b9fe7e130d585afa5261d8288762cf73960ec3328e00fff77e740d91b
#7 CACHED

#8 [airflow-apiserver internal] load build context
#8 transferring context: 107B done
#8 DONE 0.0s

#9 [airflow-scheduler internal] load build context
#9 transferring context: 107B done
#9 DONE 0.0s

#10 [airflow-scheduler 2/6] RUN apt-get update &&     apt-get install -y --no-install-recommends     build-essential     freetds-dev     libkrb5-dev     unixodbc-dev &&     rm -rf /var/lib/apt/lists/*
#10 0.427 Get:1 http://deb.debian.org/debian bookworm InRelease [151 kB]
#10 0.547 Ign:2 https://archive.mariadb.org/mariadb-10.11/repo/debian bookworm InRelease
#10 0.571 Get:3 https://packages.microsoft.com/debian/12/prod bookworm InRelease [3618 B]
#10 0.575 Get:4 https://download.docker.com/linux/debian bookworm InRelease [47.0 kB]
#10 0.585 Ign:5 https://apt.postgresql.org/pub/repos/apt bookworm-pgdg InRelease
#10 0.609 Get:6 http://deb.debian.org/debian bookworm-updates InRelease [55.4 kB]
#10 0.689 Get:7 http://deb.debian.org/debian-security bookworm-security InRelease [48.0 kB]
#10 0.711 Get:8 https://packages.microsoft.com/debian/12/prod bookworm/main all Packages [573 B]
#10 0.759 Get:9 https://download.docker.com/linux/debian bookworm/stable arm64 Packages [43.3 kB]
#10 0.783 Get:10 http://deb.debian.org/debian bookworm/main arm64 Packages [8693 kB]
#10 0.815 Get:11 https://packages.microsoft.com/debian/12/prod bookworm/main arm64 Packages [27.7 kB]
#10 0.868 Get:12 https://packages.microsoft.com/debian/12/prod bookworm/main amd64 Packages [100.0 kB]
#10 1.722 Ign:5 https://apt.postgresql.org/pub/repos/apt bookworm-pgdg InRelease
#10 1.869 Ign:2 https://archive.mariadb.org/mariadb-10.11/repo/debian bookworm InRelease
#10 2.496 Get:13 http://deb.debian.org/debian bookworm-updates/main arm64 Packages [756 B]
#10 2.546 Get:14 http://deb.debian.org/debian-security bookworm-security/main arm64 Packages [266 kB]
#10 3.885 Ign:5 https://apt.postgresql.org/pub/repos/apt bookworm-pgdg InRelease
#10 4.180 Ign:2 https://archive.mariadb.org/mariadb-10.11/repo/debian bookworm InRelease
#10 8.035 Err:5 https://apt.postgresql.org/pub/repos/apt bookworm-pgdg InRelease
#10 8.035   Certificate verification failed: The certificate is NOT trusted. The certificate issuer is unknown.  Could not handshake: Error in the certificate verification. [IP: 151.101.67.52 443]
#10 8.543 Err:2 https://archive.mariadb.org/mariadb-10.11/repo/debian bookworm InRelease
#10 8.543   Certificate verification failed: The certificate is NOT trusted. The certificate issuer is unknown.  Could not handshake: Error in the certificate verification. [IP: 138.201.152.105 443]
#10 8.561 Fetched 9436 kB in 8s (1121 kB/s)
#10 8.561 Reading package lists...
#10 8.796 W: Failed to fetch https://archive.mariadb.org/mariadb-10.11/repo/debian/dists/bookworm/InRelease  Certificate verification failed: The certificate is NOT trusted. The certificate issuer is unknown.  Could not handshake: Error in the certificate verification. [IP: 138.201.152.105 443]
#10 8.796 W: Failed to fetch https://apt.postgresql.org/pub/repos/apt/dists/bookworm-pgdg/InRelease  Certificate verification failed: The certificate is NOT trusted. The certificate issuer is unknown.  Could not handshake: Error in the certificate verification. [IP: 151.101.67.52 443]
#10 8.796 W: Some index files failed to download. They have been ignored, or old ones used instead.
#10 8.801 Reading package lists...
#10 9.020 Building dependency tree...
#10 9.072 Reading state information...
#10 9.137 The following additional packages will be installed:
#10 9.137   binutils binutils-aarch64-linux-gnu binutils-common bzip2 comerr-dev cpp
#10 9.137   cpp-12 dpkg-dev g++ g++-12 gcc gcc-12 krb5-multidev libasan8 libatomic1
#10 9.137   libbinutils libc-dev-bin libc6-dev libcc1-0 libcrypt-dev libct4
#10 9.137   libctf-nobfd0 libctf0 libdpkg-perl libgcc-12-dev libgomp1 libgprofng0
#10 9.137   libhwasan0 libisl23 libitm1 libjansson4 liblsan0 libmpc3 libmpfr6 libnsl-dev
#10 9.137   libodbccr2 libstdc++-12-dev libtirpc-dev libtsan2 libubsan1 linux-libc-dev
#10 9.137   make patch rpcsvc-proto xz-utils
#10 9.138 Suggested packages:
#10 9.138   binutils-doc bzip2-doc doc-base cpp-doc gcc-12-locales cpp-12-doc
#10 9.138   debian-keyring gcc-12-doc gcc-multilib manpages-dev autoconf automake
#10 9.138   libtool flex bison gdb gcc-doc krb5-doc glibc-doc bzr libstdc++-12-doc
#10 9.138   make-doc ed diffutils-doc
#10 9.138 Recommended packages:
#10 9.138   fakeroot libalgorithm-merge-perl freetds-doc manpages manpages-dev
#10 9.138   libc-devtools libfile-fcntllock-perl liblocale-gettext-perl
#10 9.245 The following NEW packages will be installed:
#10 9.245   binutils binutils-aarch64-linux-gnu binutils-common build-essential bzip2
#10 9.245   comerr-dev cpp cpp-12 dpkg-dev freetds-dev g++ g++-12 gcc gcc-12
#10 9.245   krb5-multidev libasan8 libatomic1 libbinutils libc-dev-bin libc6-dev
#10 9.245   libcc1-0 libcrypt-dev libct4 libctf-nobfd0 libctf0 libdpkg-perl
#10 9.245   libgcc-12-dev libgomp1 libgprofng0 libhwasan0 libisl23 libitm1 libjansson4
#10 9.245   libkrb5-dev liblsan0 libmpc3 libmpfr6 libnsl-dev libodbccr2 libstdc++-12-dev
#10 9.245   libtirpc-dev libtsan2 libubsan1 linux-libc-dev make patch rpcsvc-proto
#10 9.245   unixodbc-dev xz-utils
#10 9.350 0 upgraded, 49 newly installed, 0 to remove and 4 not upgraded.
#10 9.350 Need to get 59.7 MB of archives.
#10 9.350 After this operation, 252 MB of additional disk space will be used.
#10 9.350 Get:1 http://deb.debian.org/debian bookworm/main arm64 bzip2 arm64 1.0.8-5+b1 [48.9 kB]
#10 9.490 Get:2 http://deb.debian.org/debian bookworm/main arm64 xz-utils arm64 5.4.1-1 [469 kB]
#10 9.827 Get:3 http://deb.debian.org/debian bookworm/main arm64 binutils-common arm64 2.40-2 [2487 kB]
#10 10.76 Get:4 http://deb.debian.org/debian bookworm/main arm64 libbinutils arm64 2.40-2 [645 kB]
#10 10.96 Get:5 http://deb.debian.org/debian bookworm/main arm64 libctf-nobfd0 arm64 2.40-2 [144 kB]
#10 10.99 Get:6 http://deb.debian.org/debian bookworm/main arm64 libctf0 arm64 2.40-2 [79.2 kB]
#10 11.01 Get:7 http://deb.debian.org/debian bookworm/main arm64 libgprofng0 arm64 2.40-2 [680 kB]
#10 11.17 Get:8 http://deb.debian.org/debian bookworm/main arm64 libjansson4 arm64 2.14-2 [40.2 kB]
#10 11.17 Get:9 http://deb.debian.org/debian bookworm/main arm64 binutils-aarch64-linux-gnu arm64 2.40-2 [2637 kB]
#10 11.66 Get:10 http://deb.debian.org/debian bookworm/main arm64 binutils arm64 2.40-2 [64.9 kB]
#10 11.67 Get:11 http://deb.debian.org/debian bookworm/main arm64 libc-dev-bin arm64 2.36-9+deb12u10 [46.2 kB]
#10 11.68 Get:12 http://deb.debian.org/debian-security bookworm-security/main arm64 linux-libc-dev arm64 6.1.140-1 [2120 kB]
#10 11.96 Get:13 http://deb.debian.org/debian bookworm/main arm64 libcrypt-dev arm64 1:4.4.33-2 [121 kB]
#10 11.97 Get:14 http://deb.debian.org/debian bookworm/main arm64 libtirpc-dev arm64 1.3.3+ds-1 [194 kB]
#10 11.99 Get:15 http://deb.debian.org/debian bookworm/main arm64 libnsl-dev arm64 1.3.0-2 [66.1 kB]
#10 12.00 Get:16 http://deb.debian.org/debian bookworm/main arm64 rpcsvc-proto arm64 1.4.3-1 [59.7 kB]
#10 12.01 Get:17 http://deb.debian.org/debian bookworm/main arm64 libc6-dev arm64 2.36-9+deb12u10 [1431 kB]
#10 12.16 Get:18 http://deb.debian.org/debian bookworm/main arm64 libisl23 arm64 0.25-1.1 [610 kB]
#10 12.22 Get:19 http://deb.debian.org/debian bookworm/main arm64 libmpfr6 arm64 4.2.0-1 [600 kB]
#10 12.30 Get:20 http://deb.debian.org/debian bookworm/main arm64 libmpc3 arm64 1.3.1-1 [49.2 kB]
#10 12.31 Get:21 http://deb.debian.org/debian bookworm/main arm64 cpp-12 arm64 12.2.0-14+deb12u1 [8228 kB]
#10 12.98 Get:22 http://deb.debian.org/debian bookworm/main arm64 cpp arm64 4:12.2.0-3 [6832 B]
#10 12.98 Get:23 http://deb.debian.org/debian bookworm/main arm64 libcc1-0 arm64 12.2.0-14+deb12u1 [37.7 kB]
#10 12.98 Get:24 http://deb.debian.org/debian bookworm/main arm64 libgomp1 arm64 12.2.0-14+deb12u1 [104 kB]
#10 12.99 Get:25 http://deb.debian.org/debian bookworm/main arm64 libitm1 arm64 12.2.0-14+deb12u1 [24.0 kB]
#10 12.99 Get:26 http://deb.debian.org/debian bookworm/main arm64 libatomic1 arm64 12.2.0-14+deb12u1 [9568 B]
#10 12.99 Get:27 http://deb.debian.org/debian bookworm/main arm64 libasan8 arm64 12.2.0-14+deb12u1 [2096 kB]
#10 13.12 Get:28 http://deb.debian.org/debian bookworm/main arm64 liblsan0 arm64 12.2.0-14+deb12u1 [926 kB]
#10 13.24 Get:29 http://deb.debian.org/debian bookworm/main arm64 libtsan2 arm64 12.2.0-14+deb12u1 [2178 kB]
#10 13.72 Get:30 http://deb.debian.org/debian bookworm/main arm64 libubsan1 arm64 12.2.0-14+deb12u1 [862 kB]
#10 13.81 Get:31 http://deb.debian.org/debian bookworm/main arm64 libhwasan0 arm64 12.2.0-14+deb12u1 [999 kB]
#10 13.89 Get:32 http://deb.debian.org/debian bookworm/main arm64 libgcc-12-dev arm64 12.2.0-14+deb12u1 [956 kB]
#10 14.01 Get:33 http://deb.debian.org/debian bookworm/main arm64 gcc-12 arm64 12.2.0-14+deb12u1 [16.3 MB]
#10 15.47 Get:34 http://deb.debian.org/debian bookworm/main arm64 gcc arm64 4:12.2.0-3 [5244 B]
#10 15.47 Get:35 http://deb.debian.org/debian bookworm/main arm64 libstdc++-12-dev arm64 12.2.0-14+deb12u1 [2007 kB]
#10 15.61 Get:36 http://deb.debian.org/debian bookworm/main arm64 g++-12 arm64 12.2.0-14+deb12u1 [9072 kB]
#10 16.29 Get:37 http://deb.debian.org/debian bookworm/main arm64 g++ arm64 4:12.2.0-3 [1336 B]
#10 16.29 Get:38 http://deb.debian.org/debian bookworm/main arm64 make arm64 4.3-4.1 [391 kB]
#10 16.32 Get:39 http://deb.debian.org/debian bookworm/main arm64 libdpkg-perl all 1.21.22 [603 kB]
#10 16.35 Get:40 http://deb.debian.org/debian bookworm/main arm64 patch arm64 2.7.6-7 [121 kB]
#10 16.36 Get:41 http://deb.debian.org/debian bookworm/main arm64 dpkg-dev all 1.21.22 [1353 kB]
#10 16.45 Get:42 http://deb.debian.org/debian bookworm/main arm64 build-essential arm64 12.9 [7704 B]
#10 16.45 Get:43 http://deb.debian.org/debian bookworm/main arm64 comerr-dev arm64 2.1-1.47.0-2 [51.6 kB]
#10 16.53 Get:44 http://deb.debian.org/debian bookworm/main arm64 libct4 arm64 1.3.17+ds-2 [147 kB]
#10 16.55 Get:45 http://deb.debian.org/debian bookworm/main arm64 freetds-dev arm64 1.3.17+ds-2 [262 kB]
#10 16.55 Get:46 http://deb.debian.org/debian bookworm/main arm64 krb5-multidev arm64 1.20.1-2+deb12u3 [125 kB]
#10 16.56 Get:47 http://deb.debian.org/debian bookworm/main arm64 libkrb5-dev arm64 1.20.1-2+deb12u3 [15.0 kB]
#10 16.56 Get:48 http://deb.debian.org/debian bookworm/main arm64 libodbccr2 arm64 2.3.11-2+deb12u1 [16.4 kB]
#10 16.56 Get:49 http://deb.debian.org/debian bookworm/main arm64 unixodbc-dev arm64 2.3.11-2+deb12u1 [214 kB]
#10 17.10 Fetched 59.7 MB in 7s (8166 kB/s)
#10 17.11 Selecting previously unselected package bzip2.
#10 17.11 (Reading database ... (Reading database ... 5%(Reading database ... 10%(Reading database ... 15%(Reading database ... 20%(Reading database ... 25%(Reading database ... 30%(Reading database ... 35%(Reading database ... 40%(Reading database ... 45%(Reading database ... 50%(Reading database ... 55%(Reading database ... 60%(Reading database ... 65%(Reading database ... 70%(Reading database ... 75%(Reading database ... 80%(Reading database ... 85%(Reading database ... 90%(Reading database ... 95%(Reading database ... 100%(Reading database ... 13221 files and directories currently installed.)
#10 17.11 Preparing to unpack .../00-bzip2_1.0.8-5+b1_arm64.deb ...
#10 17.11 Unpacking bzip2 (1.0.8-5+b1) ...
#10 17.12 Selecting previously unselected package xz-utils.
#10 17.12 Preparing to unpack .../01-xz-utils_5.4.1-1_arm64.deb ...
#10 17.12 Unpacking xz-utils (5.4.1-1) ...
#10 17.15 Selecting previously unselected package binutils-common:arm64.
#10 17.15 Preparing to unpack .../02-binutils-common_2.40-2_arm64.deb ...
#10 17.15 Unpacking binutils-common:arm64 (2.40-2) ...
#10 17.27 Selecting previously unselected package libbinutils:arm64.
#10 17.27 Preparing to unpack .../03-libbinutils_2.40-2_arm64.deb ...
#10 17.27 Unpacking libbinutils:arm64 (2.40-2) ...
#10 17.31 Selecting previously unselected package libctf-nobfd0:arm64.
#10 17.31 Preparing to unpack .../04-libctf-nobfd0_2.40-2_arm64.deb ...
#10 17.31 Unpacking libctf-nobfd0:arm64 (2.40-2) ...
#10 17.32 Selecting previously unselected package libctf0:arm64.
#10 17.32 Preparing to unpack .../05-libctf0_2.40-2_arm64.deb ...
#10 17.33 Unpacking libctf0:arm64 (2.40-2) ...
#10 17.34 Selecting previously unselected package libgprofng0:arm64.
#10 17.34 Preparing to unpack .../06-libgprofng0_2.40-2_arm64.deb ...
#10 17.34 Unpacking libgprofng0:arm64 (2.40-2) ...
#10 17.38 Selecting previously unselected package libjansson4:arm64.
#10 17.38 Preparing to unpack .../07-libjansson4_2.14-2_arm64.deb ...
#10 17.38 Unpacking libjansson4:arm64 (2.14-2) ...
#10 17.39 Selecting previously unselected package binutils-aarch64-linux-gnu.
#10 17.39 Preparing to unpack .../08-binutils-aarch64-linux-gnu_2.40-2_arm64.deb ...
#10 17.39 Unpacking binutils-aarch64-linux-gnu (2.40-2) ...
#10 17.53 Selecting previously unselected package binutils.
#10 17.53 Preparing to unpack .../09-binutils_2.40-2_arm64.deb ...
#10 17.53 Unpacking binutils (2.40-2) ...
#10 17.54 Selecting previously unselected package libc-dev-bin.
#10 17.54 Preparing to unpack .../10-libc-dev-bin_2.36-9+deb12u10_arm64.deb ...
#10 17.54 Unpacking libc-dev-bin (2.36-9+deb12u10) ...
#10 17.55 Selecting previously unselected package linux-libc-dev:arm64.
#10 17.55 Preparing to unpack .../11-linux-libc-dev_6.1.140-1_arm64.deb ...
#10 17.55 Unpacking linux-libc-dev:arm64 (6.1.140-1) ...
#10 17.62 Selecting previously unselected package libcrypt-dev:arm64.
#10 17.62 Preparing to unpack .../12-libcrypt-dev_1%3a4.4.33-2_arm64.deb ...
#10 17.62 Unpacking libcrypt-dev:arm64 (1:4.4.33-2) ...
#10 17.63 Selecting previously unselected package libtirpc-dev:arm64.
#10 17.63 Preparing to unpack .../13-libtirpc-dev_1.3.3+ds-1_arm64.deb ...
#10 17.64 Unpacking libtirpc-dev:arm64 (1.3.3+ds-1) ...
#10 17.65 Selecting previously unselected package libnsl-dev:arm64.
#10 17.65 Preparing to unpack .../14-libnsl-dev_1.3.0-2_arm64.deb ...
#10 17.65 Unpacking libnsl-dev:arm64 (1.3.0-2) ...
#10 17.66 Selecting previously unselected package rpcsvc-proto.
#10 17.66 Preparing to unpack .../15-rpcsvc-proto_1.4.3-1_arm64.deb ...
#10 17.66 Unpacking rpcsvc-proto (1.4.3-1) ...
#10 17.68 Selecting previously unselected package libc6-dev:arm64.
#10 17.68 Preparing to unpack .../16-libc6-dev_2.36-9+deb12u10_arm64.deb ...
#10 17.68 Unpacking libc6-dev:arm64 (2.36-9+deb12u10) ...
#10 17.75 Selecting previously unselected package libisl23:arm64.
#10 17.75 Preparing to unpack .../17-libisl23_0.25-1.1_arm64.deb ...
#10 17.76 Unpacking libisl23:arm64 (0.25-1.1) ...
#10 17.79 Selecting previously unselected package libmpfr6:arm64.
#10 17.79 Preparing to unpack .../18-libmpfr6_4.2.0-1_arm64.deb ...
#10 17.79 Unpacking libmpfr6:arm64 (4.2.0-1) ...
#10 17.81 Selecting previously unselected package libmpc3:arm64.
#10 17.81 Preparing to unpack .../19-libmpc3_1.3.1-1_arm64.deb ...
#10 17.81 Unpacking libmpc3:arm64 (1.3.1-1) ...
#10 17.82 Selecting previously unselected package cpp-12.
#10 17.82 Preparing to unpack .../20-cpp-12_12.2.0-14+deb12u1_arm64.deb ...
#10 17.83 Unpacking cpp-12 (12.2.0-14+deb12u1) ...
#10 18.14 Selecting previously unselected package cpp.
#10 18.14 Preparing to unpack .../21-cpp_4%3a12.2.0-3_arm64.deb ...
#10 18.14 Unpacking cpp (4:12.2.0-3) ...
#10 18.15 Selecting previously unselected package libcc1-0:arm64.
#10 18.15 Preparing to unpack .../22-libcc1-0_12.2.0-14+deb12u1_arm64.deb ...
#10 18.15 Unpacking libcc1-0:arm64 (12.2.0-14+deb12u1) ...
#10 18.16 Selecting previously unselected package libgomp1:arm64.
#10 18.16 Preparing to unpack .../23-libgomp1_12.2.0-14+deb12u1_arm64.deb ...
#10 18.16 Unpacking libgomp1:arm64 (12.2.0-14+deb12u1) ...
#10 18.17 Selecting previously unselected package libitm1:arm64.
#10 18.17 Preparing to unpack .../24-libitm1_12.2.0-14+deb12u1_arm64.deb ...
#10 18.17 Unpacking libitm1:arm64 (12.2.0-14+deb12u1) ...
#10 18.18 Selecting previously unselected package libatomic1:arm64.
#10 18.18 Preparing to unpack .../25-libatomic1_12.2.0-14+deb12u1_arm64.deb ...
#10 18.18 Unpacking libatomic1:arm64 (12.2.0-14+deb12u1) ...
#10 18.19 Selecting previously unselected package libasan8:arm64.
#10 18.19 Preparing to unpack .../26-libasan8_12.2.0-14+deb12u1_arm64.deb ...
#10 18.19 Unpacking libasan8:arm64 (12.2.0-14+deb12u1) ...
#10 18.29 Selecting previously unselected package liblsan0:arm64.
#10 18.29 Preparing to unpack .../27-liblsan0_12.2.0-14+deb12u1_arm64.deb ...
#10 18.29 Unpacking liblsan0:arm64 (12.2.0-14+deb12u1) ...
#10 18.34 Selecting previously unselected package libtsan2:arm64.
#10 18.34 Preparing to unpack .../28-libtsan2_12.2.0-14+deb12u1_arm64.deb ...
#10 18.34 Unpacking libtsan2:arm64 (12.2.0-14+deb12u1) ...
#10 18.45 Selecting previously unselected package libubsan1:arm64.
#10 18.45 Preparing to unpack .../29-libubsan1_12.2.0-14+deb12u1_arm64.deb ...
#10 18.45 Unpacking libubsan1:arm64 (12.2.0-14+deb12u1) ...
#10 18.49 Selecting previously unselected package libhwasan0:arm64.
#10 18.49 Preparing to unpack .../30-libhwasan0_12.2.0-14+deb12u1_arm64.deb ...
#10 18.49 Unpacking libhwasan0:arm64 (12.2.0-14+deb12u1) ...
#10 18.54 Selecting previously unselected package libgcc-12-dev:arm64.
#10 18.54 Preparing to unpack .../31-libgcc-12-dev_12.2.0-14+deb12u1_arm64.deb ...
#10 18.54 Unpacking libgcc-12-dev:arm64 (12.2.0-14+deb12u1) ...
#10 18.61 Selecting previously unselected package gcc-12.
#10 18.61 Preparing to unpack .../32-gcc-12_12.2.0-14+deb12u1_arm64.deb ...
#10 18.61 Unpacking gcc-12 (12.2.0-14+deb12u1) ...
#10 18.99 Selecting previously unselected package gcc.
#10 18.99 Preparing to unpack .../33-gcc_4%3a12.2.0-3_arm64.deb ...
#10 18.99 Unpacking gcc (4:12.2.0-3) ...
#10 19.00 Selecting previously unselected package libstdc++-12-dev:arm64.
#10 19.00 Preparing to unpack .../34-libstdc++-12-dev_12.2.0-14+deb12u1_arm64.deb ...
#10 19.00 Unpacking libstdc++-12-dev:arm64 (12.2.0-14+deb12u1) ...
#10 19.12 Selecting previously unselected package g++-12.
#10 19.12 Preparing to unpack .../35-g++-12_12.2.0-14+deb12u1_arm64.deb ...
#10 19.12 Unpacking g++-12 (12.2.0-14+deb12u1) ...
#10 19.44 Selecting previously unselected package g++.
#10 19.44 Preparing to unpack .../36-g++_4%3a12.2.0-3_arm64.deb ...
#10 19.44 Unpacking g++ (4:12.2.0-3) ...
#10 19.45 Selecting previously unselected package make.
#10 19.45 Preparing to unpack .../37-make_4.3-4.1_arm64.deb ...
#10 19.45 Unpacking make (4.3-4.1) ...
#10 19.47 Selecting previously unselected package libdpkg-perl.
#10 19.47 Preparing to unpack .../38-libdpkg-perl_1.21.22_all.deb ...
#10 19.48 Unpacking libdpkg-perl (1.21.22) ...
#10 19.50 Selecting previously unselected package patch.
#10 19.50 Preparing to unpack .../39-patch_2.7.6-7_arm64.deb ...
#10 19.51 Unpacking patch (2.7.6-7) ...
#10 19.52 Selecting previously unselected package dpkg-dev.
#10 19.52 Preparing to unpack .../40-dpkg-dev_1.21.22_all.deb ...
#10 19.52 Unpacking dpkg-dev (1.21.22) ...
#10 19.57 Selecting previously unselected package build-essential.
#10 19.58 Preparing to unpack .../41-build-essential_12.9_arm64.deb ...
#10 19.58 Unpacking build-essential (12.9) ...
#10 19.58 Selecting previously unselected package comerr-dev:arm64.
#10 19.59 Preparing to unpack .../42-comerr-dev_2.1-1.47.0-2_arm64.deb ...
#10 19.59 Unpacking comerr-dev:arm64 (2.1-1.47.0-2) ...
#10 19.60 Selecting previously unselected package libct4:arm64.
#10 19.60 Preparing to unpack .../43-libct4_1.3.17+ds-2_arm64.deb ...
#10 19.60 Unpacking libct4:arm64 (1.3.17+ds-2) ...
#10 19.61 Selecting previously unselected package freetds-dev.
#10 19.61 Preparing to unpack .../44-freetds-dev_1.3.17+ds-2_arm64.deb ...
#10 19.62 Unpacking freetds-dev (1.3.17+ds-2) ...
#10 19.64 Selecting previously unselected package krb5-multidev:arm64.
#10 19.64 Preparing to unpack .../45-krb5-multidev_1.20.1-2+deb12u3_arm64.deb ...
#10 19.64 Unpacking krb5-multidev:arm64 (1.20.1-2+deb12u3) ...
#10 19.65 Selecting previously unselected package libkrb5-dev:arm64.
#10 19.65 Preparing to unpack .../46-libkrb5-dev_1.20.1-2+deb12u3_arm64.deb ...
#10 19.65 Unpacking libkrb5-dev:arm64 (1.20.1-2+deb12u3) ...
#10 19.66 Selecting previously unselected package libodbccr2:arm64.
#10 19.66 Preparing to unpack .../47-libodbccr2_2.3.11-2+deb12u1_arm64.deb ...
#10 19.67 Unpacking libodbccr2:arm64 (2.3.11-2+deb12u1) ...
#10 19.67 Selecting previously unselected package unixodbc-dev:arm64.
#10 19.67 Preparing to unpack .../48-unixodbc-dev_2.3.11-2+deb12u1_arm64.deb ...
#10 19.67 Unpacking unixodbc-dev:arm64 (2.3.11-2+deb12u1) ...
#10 19.70 Setting up binutils-common:arm64 (2.40-2) ...
#10 19.70 Setting up linux-libc-dev:arm64 (6.1.140-1) ...
#10 19.70 Setting up libctf-nobfd0:arm64 (2.40-2) ...
#10 19.70 Setting up libgomp1:arm64 (12.2.0-14+deb12u1) ...
#10 19.71 Setting up bzip2 (1.0.8-5+b1) ...
#10 19.71 Setting up libjansson4:arm64 (2.14-2) ...
#10 19.71 Setting up libtirpc-dev:arm64 (1.3.3+ds-1) ...
#10 19.71 Setting up rpcsvc-proto (1.4.3-1) ...
#10 19.71 Setting up libct4:arm64 (1.3.17+ds-2) ...
#10 19.72 Setting up make (4.3-4.1) ...
#10 19.72 Setting up libmpfr6:arm64 (4.2.0-1) ...
#10 19.72 Setting up xz-utils (5.4.1-1) ...
#10 19.72 update-alternatives: using /usr/bin/xz to provide /usr/bin/lzma (lzma) in auto mode
#10 19.73 update-alternatives: warning: skip creation of /usr/share/man/man1/lzma.1.gz because associated file /usr/share/man/man1/xz.1.gz (of link group lzma) doesn't exist
#10 19.73 update-alternatives: warning: skip creation of /usr/share/man/man1/unlzma.1.gz because associated file /usr/share/man/man1/unxz.1.gz (of link group lzma) doesn't exist
#10 19.73 update-alternatives: warning: skip creation of /usr/share/man/man1/lzcat.1.gz because associated file /usr/share/man/man1/xzcat.1.gz (of link group lzma) doesn't exist
#10 19.73 update-alternatives: warning: skip creation of /usr/share/man/man1/lzmore.1.gz because associated file /usr/share/man/man1/xzmore.1.gz (of link group lzma) doesn't exist
#10 19.73 update-alternatives: warning: skip creation of /usr/share/man/man1/lzless.1.gz because associated file /usr/share/man/man1/xzless.1.gz (of link group lzma) doesn't exist
#10 19.73 update-alternatives: warning: skip creation of /usr/share/man/man1/lzdiff.1.gz because associated file /usr/share/man/man1/xzdiff.1.gz (of link group lzma) doesn't exist
#10 19.73 update-alternatives: warning: skip creation of /usr/share/man/man1/lzcmp.1.gz because associated file /usr/share/man/man1/xzcmp.1.gz (of link group lzma) doesn't exist
#10 19.73 update-alternatives: warning: skip creation of /usr/share/man/man1/lzgrep.1.gz because associated file /usr/share/man/man1/xzgrep.1.gz (of link group lzma) doesn't exist
#10 19.73 update-alternatives: warning: skip creation of /usr/share/man/man1/lzegrep.1.gz because associated file /usr/share/man/man1/xzegrep.1.gz (of link group lzma) doesn't exist
#10 19.73 update-alternatives: warning: skip creation of /usr/share/man/man1/lzfgrep.1.gz because associated file /usr/share/man/man1/xzfgrep.1.gz (of link group lzma) doesn't exist
#10 19.73 Setting up libmpc3:arm64 (1.3.1-1) ...
#10 19.73 Setting up libatomic1:arm64 (12.2.0-14+deb12u1) ...
#10 19.73 Setting up patch (2.7.6-7) ...
#10 19.73 Setting up libdpkg-perl (1.21.22) ...
#10 19.74 Setting up libubsan1:arm64 (12.2.0-14+deb12u1) ...
#10 19.74 Setting up libnsl-dev:arm64 (1.3.0-2) ...
#10 19.74 Setting up libhwasan0:arm64 (12.2.0-14+deb12u1) ...
#10 19.74 Setting up libcrypt-dev:arm64 (1:4.4.33-2) ...
#10 19.75 Setting up libasan8:arm64 (12.2.0-14+deb12u1) ...
#10 19.75 Setting up libtsan2:arm64 (12.2.0-14+deb12u1) ...
#10 19.75 Setting up libbinutils:arm64 (2.40-2) ...
#10 19.75 Setting up libisl23:arm64 (0.25-1.1) ...
#10 19.76 Setting up libc-dev-bin (2.36-9+deb12u10) ...
#10 19.76 Setting up libcc1-0:arm64 (12.2.0-14+deb12u1) ...
#10 19.76 Setting up liblsan0:arm64 (12.2.0-14+deb12u1) ...
#10 19.76 Setting up libitm1:arm64 (12.2.0-14+deb12u1) ...
#10 19.76 Setting up libodbccr2:arm64 (2.3.11-2+deb12u1) ...
#10 19.77 Setting up libctf0:arm64 (2.40-2) ...
#10 19.77 Setting up cpp-12 (12.2.0-14+deb12u1) ...
#10 19.77 Setting up freetds-dev (1.3.17+ds-2) ...
#10 19.77 Setting up libgprofng0:arm64 (2.40-2) ...
#10 19.77 Setting up libgcc-12-dev:arm64 (12.2.0-14+deb12u1) ...
#10 19.78 Setting up cpp (4:12.2.0-3) ...
#10 19.78 Setting up libc6-dev:arm64 (2.36-9+deb12u10) ...
#10 19.78 Setting up unixodbc-dev:arm64 (2.3.11-2+deb12u1) ...
#10 19.78 Setting up libstdc++-12-dev:arm64 (12.2.0-14+deb12u1) ...
#10 19.79 Setting up binutils-aarch64-linux-gnu (2.40-2) ...
#10 19.79 Setting up binutils (2.40-2) ...
#10 19.79 Setting up dpkg-dev (1.21.22) ...
#10 19.79 Setting up gcc-12 (12.2.0-14+deb12u1) ...
#10 19.80 Setting up comerr-dev:arm64 (2.1-1.47.0-2) ...
#10 19.80 Setting up g++-12 (12.2.0-14+deb12u1) ...
#10 19.80 Setting up krb5-multidev:arm64 (1.20.1-2+deb12u3) ...
#10 19.80 Setting up gcc (4:12.2.0-3) ...
#10 19.81 Setting up libkrb5-dev:arm64 (1.20.1-2+deb12u3) ...
#10 19.81 Setting up g++ (4:12.2.0-3) ...
#10 19.81 update-alternatives: using /usr/bin/g++ to provide /usr/bin/c++ (c++) in auto mode
#10 19.82 Setting up build-essential (12.9) ...
#10 19.82 Processing triggers for libc-bin (2.36-9+deb12u10) ...
#10 DONE 19.9s

#11 [airflow-apiserver 3/6] RUN curl https://packages.microsoft.com/keys/microsoft.asc | apt-key add - &&     curl https://packages.microsoft.com/config/debian/11/prod.list > /etc/apt/sources.list.d/mssql-release.list &&     apt-get update &&     ACCEPT_EULA=Y apt-get install -y msodbcsql18 mssql-tools18 &&     echo 'export PATH="$PATH:/opt/mssql-tools18/bin"' >> /etc/bash.bashrc # Use system-wide bashrc for PATH
#11 0.143   % Total    % Received % Xferd  Average Speed   Time    Time     Time  Current
#11 0.143                                  Dload  Upload   Total   Spent    Left  Speed
#11 0.143   0     0    0     0    0     0      0      0 --:--:-- --:--:-- --:--:--     0Warning: apt-key is deprecated. Manage keyring files in trusted.gpg.d instead (see apt-key(8)).
#11 0.464 100   975  100   975    0     0   3041      0 --:--:-- --:--:-- --:--:--  3046
#11 0.759 OK
#11 0.766   % Total    % Received % Xferd  Average Speed   Time    Time     Time  Current
#11 0.766                                  Dload  Upload   Total   Spent    Left  Speed
#11 0.766   0     0    0     0    0     0      0      0 --:--:-- --:--:-- --:--:--     0100    88  100    88    0     0    323      0 --:--:-- --:--:-- --:--:--   324
#11 1.200 Get:1 http://deb.debian.org/debian bookworm InRelease [151 kB]
#11 1.219 Ign:2 https://apt.postgresql.org/pub/repos/apt bookworm-pgdg InRelease
#11 1.261 Get:3 https://download.docker.com/linux/debian bookworm InRelease [47.0 kB]
#11 1.280 Get:4 https://packages.microsoft.com/debian/11/prod bullseye InRelease [3650 B]
#11 1.390 Get:5 http://deb.debian.org/debian bookworm-updates InRelease [55.4 kB]
#11 1.395 Ign:6 https://archive.mariadb.org/mariadb-10.11/repo/debian bookworm InRelease
#11 1.422 Get:7 https://packages.microsoft.com/debian/11/prod bullseye/main armhf Packages [39.4 kB]
#11 1.427 Get:8 https://download.docker.com/linux/debian bookworm/stable arm64 Packages [43.3 kB]
#11 1.452 Get:9 http://deb.debian.org/debian-security bookworm-security InRelease [48.0 kB]
#11 1.534 Get:10 http://deb.debian.org/debian bookworm/main arm64 Packages [8693 kB]
#11 1.553 Get:11 https://packages.microsoft.com/debian/11/prod bullseye/main arm64 Packages [48.7 kB]
#11 1.610 Get:12 https://packages.microsoft.com/debian/11/prod bullseye/main amd64 Packages [198 kB]
#11 1.837 Get:13 https://packages.microsoft.com/debian/11/prod bullseye/main all Packages [1444 B]
#11 2.387 Ign:2 https://apt.postgresql.org/pub/repos/apt bookworm-pgdg InRelease
#11 2.712 Ign:6 https://archive.mariadb.org/mariadb-10.11/repo/debian bookworm InRelease
#11 3.240 Get:14 http://deb.debian.org/debian bookworm-updates/main arm64 Packages [756 B]
#11 3.309 Get:15 http://deb.debian.org/debian-security bookworm-security/main arm64 Packages [266 kB]
#11 4.542 Ign:2 https://apt.postgresql.org/pub/repos/apt bookworm-pgdg InRelease
#11 5.012 Ign:6 https://archive.mariadb.org/mariadb-10.11/repo/debian bookworm InRelease
#11 8.676 Err:2 https://apt.postgresql.org/pub/repos/apt bookworm-pgdg InRelease
#11 8.676   Certificate verification failed: The certificate is NOT trusted. The certificate issuer is unknown.  Could not handshake: Error in the certificate verification. [IP: 151.101.67.52 443]
#11 9.340 Err:6 https://archive.mariadb.org/mariadb-10.11/repo/debian bookworm InRelease
#11 9.340   Certificate verification failed: The certificate is NOT trusted. The certificate issuer is unknown.  Could not handshake: Error in the certificate verification. [IP: 138.201.152.105 443]
#11 9.356 Fetched 9596 kB in 8s (1160 kB/s)
#11 9.356 Reading package lists...
#11 9.606 W: Failed to fetch https://archive.mariadb.org/mariadb-10.11/repo/debian/dists/bookworm/InRelease  Certificate verification failed: The certificate is NOT trusted. The certificate issuer is unknown.  Could not handshake: Error in the certificate verification. [IP: 138.201.152.105 443]
#11 9.606 W: Failed to fetch https://apt.postgresql.org/pub/repos/apt/dists/bookworm-pgdg/InRelease  Certificate verification failed: The certificate is NOT trusted. The certificate issuer is unknown.  Could not handshake: Error in the certificate verification. [IP: 151.101.67.52 443]
#11 9.606 W: Some index files failed to download. They have been ignored, or old ones used instead.
#11 9.613 Reading package lists...
#11 9.833 Building dependency tree...
#11 9.886 Reading state information...
#11 9.955 msodbcsql18 is already the newest version (18.5.1.1-1).
#11 9.955 The following NEW packages will be installed:
#11 9.955   mssql-tools18
#11 10.73 0 upgraded, 1 newly installed, 0 to remove and 4 not upgraded.
#11 10.73 Need to get 208 kB of archives.
#11 10.73 After this operation, 0 B of additional disk space will be used.
#11 10.73 Get:1 https://packages.microsoft.com/debian/11/prod bullseye/main arm64 mssql-tools18 arm64 18.4.1.1-1 [208 kB]
#11 11.25 Preconfiguring packages ...
#11 11.27 Fetched 208 kB in 1s (210 kB/s)
#11 11.28 Selecting previously unselected package mssql-tools18.
#11 11.28 (Reading database ... (Reading database ... 5%(Reading database ... 10%(Reading database ... 15%(Reading database ... 20%(Reading database ... 25%(Reading database ... 30%(Reading database ... 35%(Reading database ... 40%(Reading database ... 45%(Reading database ... 50%(Reading database ... 55%(Reading database ... 60%(Reading database ... 65%(Reading database ... 70%(Reading database ... 75%(Reading database ... 80%(Reading database ... 85%(Reading database ... 90%(Reading database ... 95%(Reading database ... 100%(Reading database ... 17475 files and directories currently installed.)
#11 11.28 Preparing to unpack .../mssql-tools18_18.4.1.1-1_arm64.deb ...
#11 11.28 Unpacking mssql-tools18 (18.4.1.1-1) ...
#11 11.30 Setting up mssql-tools18 (18.4.1.1-1) ...
#11 DONE 11.3s

#12 [airflow-apiserver 4/6] RUN rm -rf /home/airflow/.local/lib/python3.11/site-packages/airflow/example_dags
#12 DONE 0.1s

#13 [airflow-scheduler 5/6] COPY requirements.txt /requirements.txt
#13 DONE 0.0s

#14 [airflow-scheduler 6/6] RUN pip install --no-cache-dir -r /requirements.txt
#14 1.375 Collecting boto3==1.34.78 (from -r /requirements.txt (line 1))
#14 1.663   Downloading boto3-1.34.78-py3-none-any.whl.metadata (6.6 kB)
#14 1.749 Collecting paramiko==3.4.0 (from -r /requirements.txt (line 2))
#14 1.799   Downloading paramiko-3.4.0-py3-none-any.whl.metadata (4.4 kB)
#14 1.881 Collecting apache-airflow-providers-microsoft-mssql===3.7.2 (from -r /requirements.txt (line 3))
#14 1.940   Downloading apache_airflow_providers_microsoft_mssql-3.7.2-py3-none-any.whl.metadata (6.2 kB)
#14 2.072 Collecting pyodbc==5.1.0 (from -r /requirements.txt (line 4))
#14 2.151   Downloading pyodbc-5.1.0-cp311-cp311-manylinux_2_17_aarch64.manylinux2014_aarch64.whl.metadata (2.7 kB)
#14 2.258 Collecting apache-airflow-providers-amazon==8.12.0 (from -r /requirements.txt (line 5))
#14 2.316   Downloading apache_airflow_providers_amazon-8.12.0-py3-none-any.whl.metadata (9.9 kB)
#14 2.684 Collecting botocore<1.35.0,>=1.34.78 (from boto3==1.34.78->-r /requirements.txt (line 1))
#14 2.742   Downloading botocore-1.34.162-py3-none-any.whl.metadata (5.7 kB)
#14 2.744 Requirement already satisfied: jmespath<2.0.0,>=0.7.1 in /home/airflow/.local/lib/python3.11/site-packages (from boto3==1.34.78->-r /requirements.txt (line 1)) (0.10.0)
#14 2.818 Collecting s3transfer<0.11.0,>=0.10.0 (from boto3==1.34.78->-r /requirements.txt (line 1))
#14 2.873   Downloading s3transfer-0.10.4-py3-none-any.whl.metadata (1.7 kB)
#14 2.877 Requirement already satisfied: bcrypt>=3.2 in /home/airflow/.local/lib/python3.11/site-packages (from paramiko==3.4.0->-r /requirements.txt (line 2)) (4.3.0)
#14 2.877 Requirement already satisfied: cryptography>=3.3 in /home/airflow/.local/lib/python3.11/site-packages (from paramiko==3.4.0->-r /requirements.txt (line 2)) (42.0.8)
#14 2.878 Requirement already satisfied: pynacl>=1.5 in /home/airflow/.local/lib/python3.11/site-packages (from paramiko==3.4.0->-r /requirements.txt (line 2)) (1.5.0)
#14 2.879 Requirement already satisfied: apache-airflow-providers-common-sql>=1.3.1 in /home/airflow/.local/lib/python3.11/site-packages (from apache-airflow-providers-microsoft-mssql===3.7.2->-r /requirements.txt (line 3)) (1.27.1)
#14 2.880 Requirement already satisfied: apache-airflow>=2.7.0 in /home/airflow/.local/lib/python3.11/site-packages (from apache-airflow-providers-microsoft-mssql===3.7.2->-r /requirements.txt (line 3)) (3.0.2)
#14 3.020 Collecting pymssql>=2.3.0 (from apache-airflow-providers-microsoft-mssql===3.7.2->-r /requirements.txt (line 3))
#14 3.067   Downloading pymssql-2.3.6-cp311-cp311-manylinux2014_aarch64.manylinux_2_17_aarch64.whl.metadata (4.5 kB)
#14 3.069 Requirement already satisfied: apache-airflow-providers-http in /home/airflow/.local/lib/python3.11/site-packages (from apache-airflow-providers-amazon==8.12.0->-r /requirements.txt (line 5)) (5.3.0)
#14 3.069 Requirement already satisfied: asgiref in /home/airflow/.local/lib/python3.11/site-packages (from apache-airflow-providers-amazon==8.12.0->-r /requirements.txt (line 5)) (3.8.1)
#14 3.160 Requirement already satisfied: inflection>=0.5.1 in /home/airflow/.local/lib/python3.11/site-packages (from apache-airflow-providers-amazon==8.12.0->-r /requirements.txt (line 5)) (0.5.1)
#14 3.160 Requirement already satisfied: jsonpath_ng>=1.5.3 in /home/airflow/.local/lib/python3.11/site-packages (from apache-airflow-providers-amazon==8.12.0->-r /requirements.txt (line 5)) (1.7.0)
#14 3.160 Requirement already satisfied: redshift_connector>=2.0.888 in /home/airflow/.local/lib/python3.11/site-packages (from apache-airflow-providers-amazon==8.12.0->-r /requirements.txt (line 5)) (2.1.7)
#14 3.232 Collecting sqlalchemy_redshift>=0.8.6 (from apache-airflow-providers-amazon==8.12.0->-r /requirements.txt (line 5))
#14 3.292   Downloading sqlalchemy_redshift-0.8.14-py2.py3-none-any.whl.metadata (18 kB)
#14 3.305 Requirement already satisfied: watchtower<4,>=2.0.1 in /home/airflow/.local/lib/python3.11/site-packages (from apache-airflow-providers-amazon==8.12.0->-r /requirements.txt (line 5)) (3.4.0)
#14 3.306 Requirement already satisfied: python-dateutil<3.0.0,>=2.1 in /home/airflow/.local/lib/python3.11/site-packages (from botocore<1.35.0,>=1.34.78->boto3==1.34.78->-r /requirements.txt (line 1)) (2.9.0.post0)
#14 3.307 Requirement already satisfied: urllib3!=2.2.0,<3,>=1.25.4 in /home/airflow/.local/lib/python3.11/site-packages (from botocore<1.35.0,>=1.34.78->boto3==1.34.78->-r /requirements.txt (line 1)) (2.4.0)
#14 3.309 Requirement already satisfied: six>=1.5 in /home/airflow/.local/lib/python3.11/site-packages (from python-dateutil<3.0.0,>=2.1->botocore<1.35.0,>=1.34.78->boto3==1.34.78->-r /requirements.txt (line 1)) (1.17.0)
#14 3.412 Requirement already satisfied: apache-airflow-core==3.0.2 in /home/airflow/.local/lib/python3.11/site-packages (from apache-airflow>=2.7.0->apache-airflow-providers-microsoft-mssql===3.7.2->-r /requirements.txt (line 3)) (3.0.2)
#14 3.412 Requirement already satisfied: apache-airflow-task-sdk<1.1.0,>=1.0.0 in /home/airflow/.local/lib/python3.11/site-packages (from apache-airflow>=2.7.0->apache-airflow-providers-microsoft-mssql===3.7.2->-r /requirements.txt (line 3)) (1.0.2)
#14 3.420 Requirement already satisfied: a2wsgi>=1.10.8 in /home/airflow/.local/lib/python3.11/site-packages (from apache-airflow-core==3.0.2->apache-airflow>=2.7.0->apache-airflow-providers-microsoft-mssql===3.7.2->-r /requirements.txt (line 3)) (1.10.8)
#14 3.420 Requirement already satisfied: aiosqlite>=0.20.0 in /home/airflow/.local/lib/python3.11/site-packages (from apache-airflow-core==3.0.2->apache-airflow>=2.7.0->apache-airflow-providers-microsoft-mssql===3.7.2->-r /requirements.txt (line 3)) (0.21.0)
#14 3.420 Requirement already satisfied: alembic<2.0,>=1.13.1 in /home/airflow/.local/lib/python3.11/site-packages (from apache-airflow-core==3.0.2->apache-airflow>=2.7.0->apache-airflow-providers-microsoft-mssql===3.7.2->-r /requirements.txt (line 3)) (1.16.1)
#14 3.421 Requirement already satisfied: apache-airflow-providers-common-compat>=1.6.0 in /home/airflow/.local/lib/python3.11/site-packages (from apache-airflow-core==3.0.2->apache-airflow>=2.7.0->apache-airflow-providers-microsoft-mssql===3.7.2->-r /requirements.txt (line 3)) (1.7.0)
#14 3.421 Requirement already satisfied: apache-airflow-providers-common-io>=1.5.3 in /home/airflow/.local/lib/python3.11/site-packages (from apache-airflow-core==3.0.2->apache-airflow>=2.7.0->apache-airflow-providers-microsoft-mssql===3.7.2->-r /requirements.txt (line 3)) (1.6.0)
#14 3.421 Requirement already satisfied: apache-airflow-providers-smtp>=2.0.2 in /home/airflow/.local/lib/python3.11/site-packages (from apache-airflow-core==3.0.2->apache-airflow>=2.7.0->apache-airflow-providers-microsoft-mssql===3.7.2->-r /requirements.txt (line 3)) (2.1.0)
#14 3.421 Requirement already satisfied: apache-airflow-providers-standard>=0.4.0 in /home/airflow/.local/lib/python3.11/site-packages (from apache-airflow-core==3.0.2->apache-airflow>=2.7.0->apache-airflow-providers-microsoft-mssql===3.7.2->-r /requirements.txt (line 3)) (1.2.0)
#14 3.422 Requirement already satisfied: argcomplete>=1.10 in /home/airflow/.local/lib/python3.11/site-packages (from apache-airflow-core==3.0.2->apache-airflow>=2.7.0->apache-airflow-providers-microsoft-mssql===3.7.2->-r /requirements.txt (line 3)) (3.6.2)
#14 3.422 Requirement already satisfied: attrs!=25.2.0,>=22.1.0 in /home/airflow/.local/lib/python3.11/site-packages (from apache-airflow-core==3.0.2->apache-airflow>=2.7.0->apache-airflow-providers-microsoft-mssql===3.7.2->-r /requirements.txt (line 3)) (25.3.0)
#14 3.422 Requirement already satisfied: cadwyn>=5.2.1 in /home/airflow/.local/lib/python3.11/site-packages (from apache-airflow-core==3.0.2->apache-airflow>=2.7.0->apache-airflow-providers-microsoft-mssql===3.7.2->-r /requirements.txt (line 3)) (5.3.3)
#14 3.423 Requirement already satisfied: colorlog>=6.8.2 in /home/airflow/.local/lib/python3.11/site-packages (from apache-airflow-core==3.0.2->apache-airflow>=2.7.0->apache-airflow-providers-microsoft-mssql===3.7.2->-r /requirements.txt (line 3)) (6.9.0)
#14 3.423 Requirement already satisfied: cron-descriptor>=1.2.24 in /home/airflow/.local/lib/python3.11/site-packages (from apache-airflow-core==3.0.2->apache-airflow>=2.7.0->apache-airflow-providers-microsoft-mssql===3.7.2->-r /requirements.txt (line 3)) (1.4.5)
#14 3.423 Requirement already satisfied: croniter>=2.0.2 in /home/airflow/.local/lib/python3.11/site-packages (from apache-airflow-core==3.0.2->apache-airflow>=2.7.0->apache-airflow-providers-microsoft-mssql===3.7.2->-r /requirements.txt (line 3)) (6.0.0)
#14 3.423 Requirement already satisfied: deprecated>=1.2.13 in /home/airflow/.local/lib/python3.11/site-packages (from apache-airflow-core==3.0.2->apache-airflow>=2.7.0->apache-airflow-providers-microsoft-mssql===3.7.2->-r /requirements.txt (line 3)) (1.2.18)
#14 3.424 Requirement already satisfied: dill>=0.2.2 in /home/airflow/.local/lib/python3.11/site-packages (from apache-airflow-core==3.0.2->apache-airflow>=2.7.0->apache-airflow-providers-microsoft-mssql===3.7.2->-r /requirements.txt (line 3)) (0.3.1.1)
#14 3.424 Requirement already satisfied: fastapi!=0.115.10,>=0.115.0 in /home/airflow/.local/lib/python3.11/site-packages (from fastapi[standard]!=0.115.10,>=0.115.0->apache-airflow-core==3.0.2->apache-airflow>=2.7.0->apache-airflow-providers-microsoft-mssql===3.7.2->-r /requirements.txt (line 3)) (0.115.12)
#14 3.425 Requirement already satisfied: flask>=2.1.1 in /home/airflow/.local/lib/python3.11/site-packages (from apache-airflow-core==3.0.2->apache-airflow>=2.7.0->apache-airflow-providers-microsoft-mssql===3.7.2->-r /requirements.txt (line 3)) (2.2.5)
#14 3.425 Requirement already satisfied: gunicorn>=20.1.0 in /home/airflow/.local/lib/python3.11/site-packages (from apache-airflow-core==3.0.2->apache-airflow>=2.7.0->apache-airflow-providers-microsoft-mssql===3.7.2->-r /requirements.txt (line 3)) (23.0.0)
#14 3.425 Requirement already satisfied: httpx>=0.25.0 in /home/airflow/.local/lib/python3.11/site-packages (from apache-airflow-core==3.0.2->apache-airflow>=2.7.0->apache-airflow-providers-microsoft-mssql===3.7.2->-r /requirements.txt (line 3)) (0.27.0)
#14 3.425 Requirement already satisfied: importlib-metadata>=6.5 in /home/airflow/.local/lib/python3.11/site-packages (from apache-airflow-core==3.0.2->apache-airflow>=2.7.0->apache-airflow-providers-microsoft-mssql===3.7.2->-r /requirements.txt (line 3)) (8.4.0)
#14 3.426 Requirement already satisfied: itsdangerous>=2.0 in /home/airflow/.local/lib/python3.11/site-packages (from apache-airflow-core==3.0.2->apache-airflow>=2.7.0->apache-airflow-providers-microsoft-mssql===3.7.2->-r /requirements.txt (line 3)) (2.2.0)
#14 3.426 Requirement already satisfied: jinja2>=3.1.5 in /home/airflow/.local/lib/python3.11/site-packages (from apache-airflow-core==3.0.2->apache-airflow>=2.7.0->apache-airflow-providers-microsoft-mssql===3.7.2->-r /requirements.txt (line 3)) (3.1.6)
#14 3.426 Requirement already satisfied: jsonschema>=4.19.1 in /home/airflow/.local/lib/python3.11/site-packages (from apache-airflow-core==3.0.2->apache-airflow>=2.7.0->apache-airflow-providers-microsoft-mssql===3.7.2->-r /requirements.txt (line 3)) (4.24.0)
#14 3.426 Requirement already satisfied: lazy-object-proxy>=1.2.0 in /home/airflow/.local/lib/python3.11/site-packages (from apache-airflow-core==3.0.2->apache-airflow>=2.7.0->apache-airflow-providers-microsoft-mssql===3.7.2->-r /requirements.txt (line 3)) (1.11.0)
#14 3.427 Requirement already satisfied: libcst>=1.1.0 in /home/airflow/.local/lib/python3.11/site-packages (from apache-airflow-core==3.0.2->apache-airflow>=2.7.0->apache-airflow-providers-microsoft-mssql===3.7.2->-r /requirements.txt (line 3)) (1.8.0)
#14 3.427 Requirement already satisfied: linkify-it-py>=2.0.0 in /home/airflow/.local/lib/python3.11/site-packages (from apache-airflow-core==3.0.2->apache-airflow>=2.7.0->apache-airflow-providers-microsoft-mssql===3.7.2->-r /requirements.txt (line 3)) (2.0.3)
#14 3.427 Requirement already satisfied: lockfile>=0.12.2 in /home/airflow/.local/lib/python3.11/site-packages (from apache-airflow-core==3.0.2->apache-airflow>=2.7.0->apache-airflow-providers-microsoft-mssql===3.7.2->-r /requirements.txt (line 3)) (0.12.2)
#14 3.427 Requirement already satisfied: methodtools>=0.4.7 in /home/airflow/.local/lib/python3.11/site-packages (from apache-airflow-core==3.0.2->apache-airflow>=2.7.0->apache-airflow-providers-microsoft-mssql===3.7.2->-r /requirements.txt (line 3)) (0.4.7)
#14 3.427 Requirement already satisfied: opentelemetry-api>=1.26.0 in /home/airflow/.local/lib/python3.11/site-packages (from apache-airflow-core==3.0.2->apache-airflow>=2.7.0->apache-airflow-providers-microsoft-mssql===3.7.2->-r /requirements.txt (line 3)) (1.27.0)
#14 3.428 Requirement already satisfied: opentelemetry-exporter-otlp>=1.26.0 in /home/airflow/.local/lib/python3.11/site-packages (from apache-airflow-core==3.0.2->apache-airflow>=2.7.0->apache-airflow-providers-microsoft-mssql===3.7.2->-r /requirements.txt (line 3)) (1.27.0)
#14 3.428 Requirement already satisfied: packaging>=23.2 in /home/airflow/.local/lib/python3.11/site-packages (from apache-airflow-core==3.0.2->apache-airflow>=2.7.0->apache-airflow-providers-microsoft-mssql===3.7.2->-r /requirements.txt (line 3)) (25.0)
#14 3.428 Requirement already satisfied: pathspec>=0.9.0 in /home/airflow/.local/lib/python3.11/site-packages (from apache-airflow-core==3.0.2->apache-airflow>=2.7.0->apache-airflow-providers-microsoft-mssql===3.7.2->-r /requirements.txt (line 3)) (0.12.1)
#14 3.429 Requirement already satisfied: pendulum<4.0,>=2.1.2 in /home/airflow/.local/lib/python3.11/site-packages (from apache-airflow-core==3.0.2->apache-airflow>=2.7.0->apache-airflow-providers-microsoft-mssql===3.7.2->-r /requirements.txt (line 3)) (3.1.0)
#14 3.429 Requirement already satisfied: pluggy>=1.5.0 in /home/airflow/.local/lib/python3.11/site-packages (from apache-airflow-core==3.0.2->apache-airflow>=2.7.0->apache-airflow-providers-microsoft-mssql===3.7.2->-r /requirements.txt (line 3)) (1.6.0)
#14 3.429 Requirement already satisfied: psutil>=5.8.0 in /home/airflow/.local/lib/python3.11/site-packages (from apache-airflow-core==3.0.2->apache-airflow>=2.7.0->apache-airflow-providers-microsoft-mssql===3.7.2->-r /requirements.txt (line 3)) (7.0.0)
#14 3.429 Requirement already satisfied: pydantic>=2.11.0 in /home/airflow/.local/lib/python3.11/site-packages (from apache-airflow-core==3.0.2->apache-airflow>=2.7.0->apache-airflow-providers-microsoft-mssql===3.7.2->-r /requirements.txt (line 3)) (2.11.5)
#14 3.430 Requirement already satisfied: pygments!=2.19.0,>=2.0.1 in /home/airflow/.local/lib/python3.11/site-packages (from apache-airflow-core==3.0.2->apache-airflow>=2.7.0->apache-airflow-providers-microsoft-mssql===3.7.2->-r /requirements.txt (line 3)) (2.19.1)
#14 3.430 Requirement already satisfied: pyjwt>=2.10.0 in /home/airflow/.local/lib/python3.11/site-packages (from apache-airflow-core==3.0.2->apache-airflow>=2.7.0->apache-airflow-providers-microsoft-mssql===3.7.2->-r /requirements.txt (line 3)) (2.10.1)
#14 3.430 Requirement already satisfied: python-daemon>=3.0.0 in /home/airflow/.local/lib/python3.11/site-packages (from apache-airflow-core==3.0.2->apache-airflow>=2.7.0->apache-airflow-providers-microsoft-mssql===3.7.2->-r /requirements.txt (line 3)) (3.1.2)
#14 3.431 Requirement already satisfied: python-slugify>=5.0 in /home/airflow/.local/lib/python3.11/site-packages (from apache-airflow-core==3.0.2->apache-airflow>=2.7.0->apache-airflow-providers-microsoft-mssql===3.7.2->-r /requirements.txt (line 3)) (8.0.4)
#14 3.431 Requirement already satisfied: requests<3,>=2.31.0 in /home/airflow/.local/lib/python3.11/site-packages (from apache-airflow-core==3.0.2->apache-airflow>=2.7.0->apache-airflow-providers-microsoft-mssql===3.7.2->-r /requirements.txt (line 3)) (2.32.3)
#14 3.431 Requirement already satisfied: rich-argparse>=1.0.0 in /home/airflow/.local/lib/python3.11/site-packages (from apache-airflow-core==3.0.2->apache-airflow>=2.7.0->apache-airflow-providers-microsoft-mssql===3.7.2->-r /requirements.txt (line 3)) (1.7.1)
#14 3.431 Requirement already satisfied: rich>=13.6.0 in /home/airflow/.local/lib/python3.11/site-packages (from apache-airflow-core==3.0.2->apache-airflow>=2.7.0->apache-airflow-providers-microsoft-mssql===3.7.2->-r /requirements.txt (line 3)) (13.9.4)
#14 3.432 Requirement already satisfied: setproctitle>=1.3.3 in /home/airflow/.local/lib/python3.11/site-packages (from apache-airflow-core==3.0.2->apache-airflow>=2.7.0->apache-airflow-providers-microsoft-mssql===3.7.2->-r /requirements.txt (line 3)) (1.3.6)
#14 3.432 Requirement already satisfied: sqlalchemy-jsonfield>=1.0 in /home/airflow/.local/lib/python3.11/site-packages (from apache-airflow-core==3.0.2->apache-airflow>=2.7.0->apache-airflow-providers-microsoft-mssql===3.7.2->-r /requirements.txt (line 3)) (1.0.2)
#14 3.432 Requirement already satisfied: sqlalchemy-utils>=0.41.2 in /home/airflow/.local/lib/python3.11/site-packages (from apache-airflow-core==3.0.2->apache-airflow>=2.7.0->apache-airflow-providers-microsoft-mssql===3.7.2->-r /requirements.txt (line 3)) (0.41.2)
#14 3.432 Requirement already satisfied: sqlalchemy<2.0,>=1.4.49 in /home/airflow/.local/lib/python3.11/site-packages (from sqlalchemy[asyncio]<2.0,>=1.4.49->apache-airflow-core==3.0.2->apache-airflow>=2.7.0->apache-airflow-providers-microsoft-mssql===3.7.2->-r /requirements.txt (line 3)) (1.4.54)
#14 3.433 Requirement already satisfied: svcs>=25.1.0 in /home/airflow/.local/lib/python3.11/site-packages (from apache-airflow-core==3.0.2->apache-airflow>=2.7.0->apache-airflow-providers-microsoft-mssql===3.7.2->-r /requirements.txt (line 3)) (25.1.0)
#14 3.433 Requirement already satisfied: tabulate>=0.9.0 in /home/airflow/.local/lib/python3.11/site-packages (from apache-airflow-core==3.0.2->apache-airflow>=2.7.0->apache-airflow-providers-microsoft-mssql===3.7.2->-r /requirements.txt (line 3)) (0.9.0)
#14 3.433 Requirement already satisfied: tenacity!=8.2.0,>=8.0.0 in /home/airflow/.local/lib/python3.11/site-packages (from apache-airflow-core==3.0.2->apache-airflow>=2.7.0->apache-airflow-providers-microsoft-mssql===3.7.2->-r /requirements.txt (line 3)) (9.1.2)
#14 3.433 Requirement already satisfied: termcolor>=3.0.0 in /home/airflow/.local/lib/python3.11/site-packages (from apache-airflow-core==3.0.2->apache-airflow>=2.7.0->apache-airflow-providers-microsoft-mssql===3.7.2->-r /requirements.txt (line 3)) (3.1.0)
#14 3.434 Requirement already satisfied: typing-extensions!=4.14.0 in /home/airflow/.local/lib/python3.11/site-packages (from apache-airflow-core==3.0.2->apache-airflow>=2.7.0->apache-airflow-providers-microsoft-mssql===3.7.2->-r /requirements.txt (line 3)) (4.13.2)
#14 3.434 Requirement already satisfied: universal-pathlib!=0.2.4,>=0.2.2 in /home/airflow/.local/lib/python3.11/site-packages (from apache-airflow-core==3.0.2->apache-airflow>=2.7.0->apache-airflow-providers-microsoft-mssql===3.7.2->-r /requirements.txt (line 3)) (0.2.6)
#14 3.434 Requirement already satisfied: uuid6>=2024.7.10 in /home/airflow/.local/lib/python3.11/site-packages (from apache-airflow-core==3.0.2->apache-airflow>=2.7.0->apache-airflow-providers-microsoft-mssql===3.7.2->-r /requirements.txt (line 3)) (2024.7.10)
#14 3.436 Requirement already satisfied: Mako in /home/airflow/.local/lib/python3.11/site-packages (from alembic<2.0,>=1.13.1->apache-airflow-core==3.0.2->apache-airflow>=2.7.0->apache-airflow-providers-microsoft-mssql===3.7.2->-r /requirements.txt (line 3)) (1.3.10)
#14 3.436 Requirement already satisfied: aiologic>=0.14.0 in /home/airflow/.local/lib/python3.11/site-packages (from apache-airflow-task-sdk<1.1.0,>=1.0.0->apache-airflow>=2.7.0->apache-airflow-providers-microsoft-mssql===3.7.2->-r /requirements.txt (line 3)) (0.14.0)
#14 3.437 Requirement already satisfied: fsspec>=2023.10.0 in /home/airflow/.local/lib/python3.11/site-packages (from apache-airflow-task-sdk<1.1.0,>=1.0.0->apache-airflow>=2.7.0->apache-airflow-providers-microsoft-mssql===3.7.2->-r /requirements.txt (line 3)) (2025.5.1)
#14 3.437 Requirement already satisfied: msgspec>=0.19.0 in /home/airflow/.local/lib/python3.11/site-packages (from apache-airflow-task-sdk<1.1.0,>=1.0.0->apache-airflow>=2.7.0->apache-airflow-providers-microsoft-mssql===3.7.2->-r /requirements.txt (line 3)) (0.19.0)
#14 3.438 Requirement already satisfied: retryhttp!=1.3.0,>=1.2.0 in /home/airflow/.local/lib/python3.11/site-packages (from apache-airflow-task-sdk<1.1.0,>=1.0.0->apache-airflow>=2.7.0->apache-airflow-providers-microsoft-mssql===3.7.2->-r /requirements.txt (line 3)) (1.3.3)
#14 3.438 Requirement already satisfied: structlog>=25.4.0 in /home/airflow/.local/lib/python3.11/site-packages (from apache-airflow-task-sdk<1.1.0,>=1.0.0->apache-airflow>=2.7.0->apache-airflow-providers-microsoft-mssql===3.7.2->-r /requirements.txt (line 3)) (25.4.0)
#14 3.439 Requirement already satisfied: tzdata>=2020.1 in /home/airflow/.local/lib/python3.11/site-packages (from pendulum<4.0,>=2.1.2->apache-airflow-core==3.0.2->apache-airflow>=2.7.0->apache-airflow-providers-microsoft-mssql===3.7.2->-r /requirements.txt (line 3)) (2025.2)
#14 3.440 Requirement already satisfied: charset-normalizer<4,>=2 in /home/airflow/.local/lib/python3.11/site-packages (from requests<3,>=2.31.0->apache-airflow-core==3.0.2->apache-airflow>=2.7.0->apache-airflow-providers-microsoft-mssql===3.7.2->-r /requirements.txt (line 3)) (3.4.2)
#14 3.440 Requirement already satisfied: idna<4,>=2.5 in /home/airflow/.local/lib/python3.11/site-packages (from requests<3,>=2.31.0->apache-airflow-core==3.0.2->apache-airflow>=2.7.0->apache-airflow-providers-microsoft-mssql===3.7.2->-r /requirements.txt (line 3)) (3.10)
#14 3.440 Requirement already satisfied: certifi>=2017.4.17 in /home/airflow/.local/lib/python3.11/site-packages (from requests<3,>=2.31.0->apache-airflow-core==3.0.2->apache-airflow>=2.7.0->apache-airflow-providers-microsoft-mssql===3.7.2->-r /requirements.txt (line 3)) (2025.4.26)
#14 3.443 Requirement already satisfied: greenlet!=0.4.17 in /home/airflow/.local/lib/python3.11/site-packages (from sqlalchemy<2.0,>=1.4.49->sqlalchemy[asyncio]<2.0,>=1.4.49->apache-airflow-core==3.0.2->apache-airflow>=2.7.0->apache-airflow-providers-microsoft-mssql===3.7.2->-r /requirements.txt (line 3)) (3.2.2)
#14 3.447 Requirement already satisfied: wrapt>=1.16.0 in /home/airflow/.local/lib/python3.11/site-packages (from aiologic>=0.14.0->apache-airflow-task-sdk<1.1.0,>=1.0.0->apache-airflow>=2.7.0->apache-airflow-providers-microsoft-mssql===3.7.2->-r /requirements.txt (line 3)) (1.17.2)
#14 3.450 Requirement already satisfied: sqlparse>=0.5.1 in /home/airflow/.local/lib/python3.11/site-packages (from apache-airflow-providers-common-sql>=1.3.1->apache-airflow-providers-microsoft-mssql===3.7.2->-r /requirements.txt (line 3)) (0.5.3)
#14 3.450 Requirement already satisfied: more-itertools>=9.0.0 in /home/airflow/.local/lib/python3.11/site-packages (from apache-airflow-providers-common-sql>=1.3.1->apache-airflow-providers-microsoft-mssql===3.7.2->-r /requirements.txt (line 3)) (10.7.0)
#14 3.456 Requirement already satisfied: starlette>=0.30.0 in /home/airflow/.local/lib/python3.11/site-packages (from cadwyn>=5.2.1->apache-airflow-core==3.0.2->apache-airflow>=2.7.0->apache-airflow-providers-microsoft-mssql===3.7.2->-r /requirements.txt (line 3)) (0.46.2)
#14 3.459 Requirement already satisfied: pytz>2021.1 in /home/airflow/.local/lib/python3.11/site-packages (from croniter>=2.0.2->apache-airflow-core==3.0.2->apache-airflow>=2.7.0->apache-airflow-providers-microsoft-mssql===3.7.2->-r /requirements.txt (line 3)) (2025.2)
#14 3.460 Requirement already satisfied: cffi>=1.12 in /home/airflow/.local/lib/python3.11/site-packages (from cryptography>=3.3->paramiko==3.4.0->-r /requirements.txt (line 2)) (1.17.1)
#14 3.475 Requirement already satisfied: pycparser in /home/airflow/.local/lib/python3.11/site-packages (from cffi>=1.12->cryptography>=3.3->paramiko==3.4.0->-r /requirements.txt (line 2)) (2.22)
#14 3.480 Requirement already satisfied: annotated-types>=0.6.0 in /home/airflow/.local/lib/python3.11/site-packages (from pydantic>=2.11.0->apache-airflow-core==3.0.2->apache-airflow>=2.7.0->apache-airflow-providers-microsoft-mssql===3.7.2->-r /requirements.txt (line 3)) (0.7.0)
#14 3.480 Requirement already satisfied: pydantic-core==2.33.2 in /home/airflow/.local/lib/python3.11/site-packages (from pydantic>=2.11.0->apache-airflow-core==3.0.2->apache-airflow>=2.7.0->apache-airflow-providers-microsoft-mssql===3.7.2->-r /requirements.txt (line 3)) (2.33.2)
#14 3.480 Requirement already satisfied: typing-inspection>=0.4.0 in /home/airflow/.local/lib/python3.11/site-packages (from pydantic>=2.11.0->apache-airflow-core==3.0.2->apache-airflow>=2.7.0->apache-airflow-providers-microsoft-mssql===3.7.2->-r /requirements.txt (line 3)) (0.4.1)
#14 3.482 Requirement already satisfied: anyio<5,>=3.6.2 in /home/airflow/.local/lib/python3.11/site-packages (from starlette>=0.30.0->cadwyn>=5.2.1->apache-airflow-core==3.0.2->apache-airflow>=2.7.0->apache-airflow-providers-microsoft-mssql===3.7.2->-r /requirements.txt (line 3)) (4.9.0)
#14 3.483 Requirement already satisfied: sniffio>=1.1 in /home/airflow/.local/lib/python3.11/site-packages (from anyio<5,>=3.6.2->starlette>=0.30.0->cadwyn>=5.2.1->apache-airflow-core==3.0.2->apache-airflow>=2.7.0->apache-airflow-providers-microsoft-mssql===3.7.2->-r /requirements.txt (line 3)) (1.3.1)
#14 3.486 Requirement already satisfied: fastapi-cli>=0.0.5 in /home/airflow/.local/lib/python3.11/site-packages (from fastapi-cli[standard]>=0.0.5; extra == "standard"->fastapi[standard]!=0.115.10,>=0.115.0->apache-airflow-core==3.0.2->apache-airflow>=2.7.0->apache-airflow-providers-microsoft-mssql===3.7.2->-r /requirements.txt (line 3)) (0.0.7)
#14 3.486 Requirement already satisfied: python-multipart>=0.0.18 in /home/airflow/.local/lib/python3.11/site-packages (from fastapi[standard]!=0.115.10,>=0.115.0->apache-airflow-core==3.0.2->apache-airflow>=2.7.0->apache-airflow-providers-microsoft-mssql===3.7.2->-r /requirements.txt (line 3)) (0.0.20)
#14 3.486 Requirement already satisfied: email-validator>=2.0.0 in /home/airflow/.local/lib/python3.11/site-packages (from fastapi[standard]!=0.115.10,>=0.115.0->apache-airflow-core==3.0.2->apache-airflow>=2.7.0->apache-airflow-providers-microsoft-mssql===3.7.2->-r /requirements.txt (line 3)) (2.2.0)
#14 3.487 Requirement already satisfied: uvicorn>=0.12.0 in /home/airflow/.local/lib/python3.11/site-packages (from uvicorn[standard]>=0.12.0; extra == "standard"->fastapi[standard]!=0.115.10,>=0.115.0->apache-airflow-core==3.0.2->apache-airflow>=2.7.0->apache-airflow-providers-microsoft-mssql===3.7.2->-r /requirements.txt (line 3)) (0.34.3)
#14 3.488 Requirement already satisfied: dnspython>=2.0.0 in /home/airflow/.local/lib/python3.11/site-packages (from email-validator>=2.0.0->fastapi[standard]!=0.115.10,>=0.115.0->apache-airflow-core==3.0.2->apache-airflow>=2.7.0->apache-airflow-providers-microsoft-mssql===3.7.2->-r /requirements.txt (line 3)) (2.7.0)
#14 3.490 Requirement already satisfied: typer>=0.12.3 in /home/airflow/.local/lib/python3.11/site-packages (from fastapi-cli>=0.0.5->fastapi-cli[standard]>=0.0.5; extra == "standard"->fastapi[standard]!=0.115.10,>=0.115.0->apache-airflow-core==3.0.2->apache-airflow>=2.7.0->apache-airflow-providers-microsoft-mssql===3.7.2->-r /requirements.txt (line 3)) (0.16.0)
#14 3.491 Requirement already satisfied: rich-toolkit>=0.11.1 in /home/airflow/.local/lib/python3.11/site-packages (from fastapi-cli>=0.0.5->fastapi-cli[standard]>=0.0.5; extra == "standard"->fastapi[standard]!=0.115.10,>=0.115.0->apache-airflow-core==3.0.2->apache-airflow>=2.7.0->apache-airflow-providers-microsoft-mssql===3.7.2->-r /requirements.txt (line 3)) (0.14.7)
#14 3.493 Requirement already satisfied: Werkzeug>=2.2.2 in /home/airflow/.local/lib/python3.11/site-packages (from flask>=2.1.1->apache-airflow-core==3.0.2->apache-airflow>=2.7.0->apache-airflow-providers-microsoft-mssql===3.7.2->-r /requirements.txt (line 3)) (2.2.3)
#14 3.493 Requirement already satisfied: click>=8.0 in /home/airflow/.local/lib/python3.11/site-packages (from flask>=2.1.1->apache-airflow-core==3.0.2->apache-airflow>=2.7.0->apache-airflow-providers-microsoft-mssql===3.7.2->-r /requirements.txt (line 3)) (8.2.1)
#14 3.500 Requirement already satisfied: httpcore==1.* in /home/airflow/.local/lib/python3.11/site-packages (from httpx>=0.25.0->apache-airflow-core==3.0.2->apache-airflow>=2.7.0->apache-airflow-providers-microsoft-mssql===3.7.2->-r /requirements.txt (line 3)) (1.0.9)
#14 3.502 Requirement already satisfied: h11>=0.16 in /home/airflow/.local/lib/python3.11/site-packages (from httpcore==1.*->httpx>=0.25.0->apache-airflow-core==3.0.2->apache-airflow>=2.7.0->apache-airflow-providers-microsoft-mssql===3.7.2->-r /requirements.txt (line 3)) (0.16.0)
#14 3.504 Requirement already satisfied: zipp>=0.5 in /home/airflow/.local/lib/python3.11/site-packages (from importlib-metadata>=6.5->apache-airflow-core==3.0.2->apache-airflow>=2.7.0->apache-airflow-providers-microsoft-mssql===3.7.2->-r /requirements.txt (line 3)) (3.22.0)
#14 3.507 Requirement already satisfied: MarkupSafe>=2.0 in /home/airflow/.local/lib/python3.11/site-packages (from jinja2>=3.1.5->apache-airflow-core==3.0.2->apache-airflow>=2.7.0->apache-airflow-providers-microsoft-mssql===3.7.2->-r /requirements.txt (line 3)) (3.0.2)
#14 3.508 Requirement already satisfied: ply in /home/airflow/.local/lib/python3.11/site-packages (from jsonpath_ng>=1.5.3->apache-airflow-providers-amazon==8.12.0->-r /requirements.txt (line 5)) (3.11)
#14 3.509 Requirement already satisfied: jsonschema-specifications>=2023.03.6 in /home/airflow/.local/lib/python3.11/site-packages (from jsonschema>=4.19.1->apache-airflow-core==3.0.2->apache-airflow>=2.7.0->apache-airflow-providers-microsoft-mssql===3.7.2->-r /requirements.txt (line 3)) (2025.4.1)
#14 3.509 Requirement already satisfied: referencing>=0.28.4 in /home/airflow/.local/lib/python3.11/site-packages (from jsonschema>=4.19.1->apache-airflow-core==3.0.2->apache-airflow>=2.7.0->apache-airflow-providers-microsoft-mssql===3.7.2->-r /requirements.txt (line 3)) (0.36.2)
#14 3.510 Requirement already satisfied: rpds-py>=0.7.1 in /home/airflow/.local/lib/python3.11/site-packages (from jsonschema>=4.19.1->apache-airflow-core==3.0.2->apache-airflow>=2.7.0->apache-airflow-providers-microsoft-mssql===3.7.2->-r /requirements.txt (line 3)) (0.25.1)
#14 3.513 Requirement already satisfied: pyyaml>=5.2 in /home/airflow/.local/lib/python3.11/site-packages (from libcst>=1.1.0->apache-airflow-core==3.0.2->apache-airflow>=2.7.0->apache-airflow-providers-microsoft-mssql===3.7.2->-r /requirements.txt (line 3)) (6.0.2)
#14 3.514 Requirement already satisfied: uc-micro-py in /home/airflow/.local/lib/python3.11/site-packages (from linkify-it-py>=2.0.0->apache-airflow-core==3.0.2->apache-airflow>=2.7.0->apache-airflow-providers-microsoft-mssql===3.7.2->-r /requirements.txt (line 3)) (1.0.3)
#14 3.517 Requirement already satisfied: wirerope>=0.4.7 in /home/airflow/.local/lib/python3.11/site-packages (from methodtools>=0.4.7->apache-airflow-core==3.0.2->apache-airflow>=2.7.0->apache-airflow-providers-microsoft-mssql===3.7.2->-r /requirements.txt (line 3)) (1.0.0)
#14 3.522 Requirement already satisfied: opentelemetry-exporter-otlp-proto-grpc==1.27.0 in /home/airflow/.local/lib/python3.11/site-packages (from opentelemetry-exporter-otlp>=1.26.0->apache-airflow-core==3.0.2->apache-airflow>=2.7.0->apache-airflow-providers-microsoft-mssql===3.7.2->-r /requirements.txt (line 3)) (1.27.0)
#14 3.522 Requirement already satisfied: opentelemetry-exporter-otlp-proto-http==1.27.0 in /home/airflow/.local/lib/python3.11/site-packages (from opentelemetry-exporter-otlp>=1.26.0->apache-airflow-core==3.0.2->apache-airflow>=2.7.0->apache-airflow-providers-microsoft-mssql===3.7.2->-r /requirements.txt (line 3)) (1.27.0)
#14 3.523 Requirement already satisfied: googleapis-common-protos~=1.52 in /home/airflow/.local/lib/python3.11/site-packages (from opentelemetry-exporter-otlp-proto-grpc==1.27.0->opentelemetry-exporter-otlp>=1.26.0->apache-airflow-core==3.0.2->apache-airflow>=2.7.0->apache-airflow-providers-microsoft-mssql===3.7.2->-r /requirements.txt (line 3)) (1.70.0)
#14 3.523 Requirement already satisfied: grpcio<2.0.0,>=1.0.0 in /home/airflow/.local/lib/python3.11/site-packages (from opentelemetry-exporter-otlp-proto-grpc==1.27.0->opentelemetry-exporter-otlp>=1.26.0->apache-airflow-core==3.0.2->apache-airflow>=2.7.0->apache-airflow-providers-microsoft-mssql===3.7.2->-r /requirements.txt (line 3)) (1.72.1)
#14 3.524 Requirement already satisfied: opentelemetry-exporter-otlp-proto-common==1.27.0 in /home/airflow/.local/lib/python3.11/site-packages (from opentelemetry-exporter-otlp-proto-grpc==1.27.0->opentelemetry-exporter-otlp>=1.26.0->apache-airflow-core==3.0.2->apache-airflow>=2.7.0->apache-airflow-providers-microsoft-mssql===3.7.2->-r /requirements.txt (line 3)) (1.27.0)
#14 3.524 Requirement already satisfied: opentelemetry-proto==1.27.0 in /home/airflow/.local/lib/python3.11/site-packages (from opentelemetry-exporter-otlp-proto-grpc==1.27.0->opentelemetry-exporter-otlp>=1.26.0->apache-airflow-core==3.0.2->apache-airflow>=2.7.0->apache-airflow-providers-microsoft-mssql===3.7.2->-r /requirements.txt (line 3)) (1.27.0)
#14 3.524 Requirement already satisfied: opentelemetry-sdk~=1.27.0 in /home/airflow/.local/lib/python3.11/site-packages (from opentelemetry-exporter-otlp-proto-grpc==1.27.0->opentelemetry-exporter-otlp>=1.26.0->apache-airflow-core==3.0.2->apache-airflow>=2.7.0->apache-airflow-providers-microsoft-mssql===3.7.2->-r /requirements.txt (line 3)) (1.27.0)
#14 3.527 Requirement already satisfied: protobuf<5.0,>=3.19 in /home/airflow/.local/lib/python3.11/site-packages (from opentelemetry-proto==1.27.0->opentelemetry-exporter-otlp-proto-grpc==1.27.0->opentelemetry-exporter-otlp>=1.26.0->apache-airflow-core==3.0.2->apache-airflow>=2.7.0->apache-airflow-providers-microsoft-mssql===3.7.2->-r /requirements.txt (line 3)) (4.25.8)
#14 3.531 Requirement already satisfied: opentelemetry-semantic-conventions==0.48b0 in /home/airflow/.local/lib/python3.11/site-packages (from opentelemetry-sdk~=1.27.0->opentelemetry-exporter-otlp-proto-grpc==1.27.0->opentelemetry-exporter-otlp>=1.26.0->apache-airflow-core==3.0.2->apache-airflow>=2.7.0->apache-airflow-providers-microsoft-mssql===3.7.2->-r /requirements.txt (line 3)) (0.48b0)
#14 3.545 Requirement already satisfied: text-unidecode>=1.3 in /home/airflow/.local/lib/python3.11/site-packages (from python-slugify>=5.0->apache-airflow-core==3.0.2->apache-airflow>=2.7.0->apache-airflow-providers-microsoft-mssql===3.7.2->-r /requirements.txt (line 3)) (1.3)
#14 3.548 Requirement already satisfied: scramp<1.5.0,>=1.2.0 in /home/airflow/.local/lib/python3.11/site-packages (from redshift_connector>=2.0.888->apache-airflow-providers-amazon==8.12.0->-r /requirements.txt (line 5)) (1.4.5)
#14 3.549 Requirement already satisfied: beautifulsoup4<5.0.0,>=4.7.0 in /home/airflow/.local/lib/python3.11/site-packages (from redshift_connector>=2.0.888->apache-airflow-providers-amazon==8.12.0->-r /requirements.txt (line 5)) (4.13.4)
#14 3.615 Requirement already satisfied: lxml>=4.6.5 in /home/airflow/.local/lib/python3.11/site-packages (from redshift_connector>=2.0.888->apache-airflow-providers-amazon==8.12.0->-r /requirements.txt (line 5)) (5.3.2)
#14 3.685 Requirement already satisfied: setuptools in /home/airflow/.local/lib/python3.11/site-packages (from redshift_connector>=2.0.888->apache-airflow-providers-amazon==8.12.0->-r /requirements.txt (line 5)) (80.9.0)
#14 3.687 Requirement already satisfied: soupsieve>1.2 in /home/airflow/.local/lib/python3.11/site-packages (from beautifulsoup4<5.0.0,>=4.7.0->redshift_connector>=2.0.888->apache-airflow-providers-amazon==8.12.0->-r /requirements.txt (line 5)) (2.7)
#14 3.688 Requirement already satisfied: asn1crypto>=1.5.1 in /home/airflow/.local/lib/python3.11/site-packages (from scramp<1.5.0,>=1.2.0->redshift_connector>=2.0.888->apache-airflow-providers-amazon==8.12.0->-r /requirements.txt (line 5)) (1.5.1)
#14 3.694 Requirement already satisfied: types-requests in /home/airflow/.local/lib/python3.11/site-packages (from retryhttp!=1.3.0,>=1.2.0->apache-airflow-task-sdk<1.1.0,>=1.0.0->apache-airflow>=2.7.0->apache-airflow-providers-microsoft-mssql===3.7.2->-r /requirements.txt (line 3)) (2.32.0.20250602)
#14 3.696 Requirement already satisfied: markdown-it-py>=2.2.0 in /home/airflow/.local/lib/python3.11/site-packages (from rich>=13.6.0->apache-airflow-core==3.0.2->apache-airflow>=2.7.0->apache-airflow-providers-microsoft-mssql===3.7.2->-r /requirements.txt (line 3)) (3.0.0)
#14 3.697 Requirement already satisfied: mdurl~=0.1 in /home/airflow/.local/lib/python3.11/site-packages (from markdown-it-py>=2.2.0->rich>=13.6.0->apache-airflow-core==3.0.2->apache-airflow>=2.7.0->apache-airflow-providers-microsoft-mssql===3.7.2->-r /requirements.txt (line 3)) (0.1.2)
#14 3.722 Requirement already satisfied: shellingham>=1.3.0 in /home/airflow/.local/lib/python3.11/site-packages (from typer>=0.12.3->fastapi-cli>=0.0.5->fastapi-cli[standard]>=0.0.5; extra == "standard"->fastapi[standard]!=0.115.10,>=0.115.0->apache-airflow-core==3.0.2->apache-airflow>=2.7.0->apache-airflow-providers-microsoft-mssql===3.7.2->-r /requirements.txt (line 3)) (1.5.4)
#14 3.733 Requirement already satisfied: httptools>=0.6.3 in /home/airflow/.local/lib/python3.11/site-packages (from uvicorn[standard]>=0.12.0; extra == "standard"->fastapi[standard]!=0.115.10,>=0.115.0->apache-airflow-core==3.0.2->apache-airflow>=2.7.0->apache-airflow-providers-microsoft-mssql===3.7.2->-r /requirements.txt (line 3)) (0.6.4)
#14 3.734 Requirement already satisfied: python-dotenv>=0.13 in /home/airflow/.local/lib/python3.11/site-packages (from uvicorn[standard]>=0.12.0; extra == "standard"->fastapi[standard]!=0.115.10,>=0.115.0->apache-airflow-core==3.0.2->apache-airflow>=2.7.0->apache-airflow-providers-microsoft-mssql===3.7.2->-r /requirements.txt (line 3)) (1.1.0)
#14 3.734 Requirement already satisfied: uvloop>=0.15.1 in /home/airflow/.local/lib/python3.11/site-packages (from uvicorn[standard]>=0.12.0; extra == "standard"->fastapi[standard]!=0.115.10,>=0.115.0->apache-airflow-core==3.0.2->apache-airflow>=2.7.0->apache-airflow-providers-microsoft-mssql===3.7.2->-r /requirements.txt (line 3)) (0.21.0)
#14 3.734 Requirement already satisfied: watchfiles>=0.13 in /home/airflow/.local/lib/python3.11/site-packages (from uvicorn[standard]>=0.12.0; extra == "standard"->fastapi[standard]!=0.115.10,>=0.115.0->apache-airflow-core==3.0.2->apache-airflow>=2.7.0->apache-airflow-providers-microsoft-mssql===3.7.2->-r /requirements.txt (line 3)) (1.0.5)
#14 3.735 Requirement already satisfied: websockets>=10.4 in /home/airflow/.local/lib/python3.11/site-packages (from uvicorn[standard]>=0.12.0; extra == "standard"->fastapi[standard]!=0.115.10,>=0.115.0->apache-airflow-core==3.0.2->apache-airflow>=2.7.0->apache-airflow-providers-microsoft-mssql===3.7.2->-r /requirements.txt (line 3)) (14.2)
#14 3.748 Requirement already satisfied: requests-toolbelt>=1.0.0 in /home/airflow/.local/lib/python3.11/site-packages (from apache-airflow-providers-http->apache-airflow-providers-amazon==8.12.0->-r /requirements.txt (line 5)) (1.0.0)
#14 3.748 Requirement already satisfied: aiohttp!=3.11.0,>=3.9.2 in /home/airflow/.local/lib/python3.11/site-packages (from apache-airflow-providers-http->apache-airflow-providers-amazon==8.12.0->-r /requirements.txt (line 5)) (3.12.7)
#14 3.750 Requirement already satisfied: aiohappyeyeballs>=2.5.0 in /home/airflow/.local/lib/python3.11/site-packages (from aiohttp!=3.11.0,>=3.9.2->apache-airflow-providers-http->apache-airflow-providers-amazon==8.12.0->-r /requirements.txt (line 5)) (2.6.1)
#14 3.750 Requirement already satisfied: aiosignal>=1.1.2 in /home/airflow/.local/lib/python3.11/site-packages (from aiohttp!=3.11.0,>=3.9.2->apache-airflow-providers-http->apache-airflow-providers-amazon==8.12.0->-r /requirements.txt (line 5)) (1.3.2)
#14 3.750 Requirement already satisfied: frozenlist>=1.1.1 in /home/airflow/.local/lib/python3.11/site-packages (from aiohttp!=3.11.0,>=3.9.2->apache-airflow-providers-http->apache-airflow-providers-amazon==8.12.0->-r /requirements.txt (line 5)) (1.6.0)
#14 3.751 Requirement already satisfied: multidict<7.0,>=4.5 in /home/airflow/.local/lib/python3.11/site-packages (from aiohttp!=3.11.0,>=3.9.2->apache-airflow-providers-http->apache-airflow-providers-amazon==8.12.0->-r /requirements.txt (line 5)) (6.4.4)
#14 3.751 Requirement already satisfied: propcache>=0.2.0 in /home/airflow/.local/lib/python3.11/site-packages (from aiohttp!=3.11.0,>=3.9.2->apache-airflow-providers-http->apache-airflow-providers-amazon==8.12.0->-r /requirements.txt (line 5)) (0.3.1)
#14 3.751 Requirement already satisfied: yarl<2.0,>=1.17.0 in /home/airflow/.local/lib/python3.11/site-packages (from aiohttp!=3.11.0,>=3.9.2->apache-airflow-providers-http->apache-airflow-providers-amazon==8.12.0->-r /requirements.txt (line 5)) (1.20.0)
#14 3.836 Downloading boto3-1.34.78-py3-none-any.whl (139 kB)
#14 4.093 Downloading paramiko-3.4.0-py3-none-any.whl (225 kB)
#14 4.415 Downloading apache_airflow_providers_microsoft_mssql-3.7.2-py3-none-any.whl (15 kB)
#14 4.492 Downloading pyodbc-5.1.0-cp311-cp311-manylinux_2_17_aarch64.manylinux2014_aarch64.whl (341 kB)
#14 4.891 Downloading apache_airflow_providers_amazon-8.12.0-py3-none-any.whl (487 kB)
#14 5.353 Downloading botocore-1.34.162-py3-none-any.whl (12.5 MB)
#14 8.160    ━━━━━━━━━━━━━━━━━━━━━━━━━━━━━━━━━━━━━━━━ 12.5/12.5 MB 4.6 MB/s eta 0:00:00
#14 8.227 Downloading s3transfer-0.10.4-py3-none-any.whl (83 kB)
#14 8.308 Downloading pymssql-2.3.6-cp311-cp311-manylinux2014_aarch64.manylinux_2_17_aarch64.whl (2.4 MB)
#14 8.525    ━━━━━━━━━━━━━━━━━━━━━━━━━━━━━━━━━━━━━━━━ 2.4/2.4 MB 10.9 MB/s eta 0:00:00
#14 8.591 Downloading sqlalchemy_redshift-0.8.14-py2.py3-none-any.whl (38 kB)
#14 8.775 Installing collected packages: pyodbc, pymssql, sqlalchemy_redshift, botocore, s3transfer, paramiko, boto3, apache-airflow-providers-microsoft-mssql, apache-airflow-providers-amazon
#14 8.776   Attempting uninstall: pyodbc
#14 8.777     Found existing installation: pyodbc 5.2.0
#14 8.778     Uninstalling pyodbc-5.2.0:
#14 8.873       Successfully uninstalled pyodbc-5.2.0
#14 8.910   Attempting uninstall: botocore
#14 8.913     Found existing installation: botocore 1.37.3
#14 8.935     Uninstalling botocore-1.37.3:
#14 9.406       Successfully uninstalled botocore-1.37.3
#14 9.604   Attempting uninstall: s3transfer
#14 9.607     Found existing installation: s3transfer 0.11.3
#14 9.608     Uninstalling s3transfer-0.11.3:
#14 9.611       Successfully uninstalled s3transfer-0.11.3
#14 9.629   Attempting uninstall: paramiko
#14 9.633     Found existing installation: paramiko 3.5.1
#14 9.634     Uninstalling paramiko-3.5.1:
#14 9.638       Successfully uninstalled paramiko-3.5.1
#14 9.680   Attempting uninstall: boto3
#14 9.683     Found existing installation: boto3 1.37.3
#14 9.685     Uninstalling boto3-1.37.3:
#14 9.704       Successfully uninstalled boto3-1.37.3
#14 9.730   Attempting uninstall: apache-airflow-providers-amazon
#14 9.733     Found existing installation: apache-airflow-providers-amazon 9.8.0
#14 9.740     Uninstalling apache-airflow-providers-amazon-9.8.0:
#14 9.763       Successfully uninstalled apache-airflow-providers-amazon-9.8.0
#14 9.856 
#14 9.862 ERROR: pip's dependency resolver does not currently take into account all the packages that are installed. This behaviour is the source of the following dependency conflicts.
#14 9.862 aiobotocore 2.22.0 requires botocore<1.37.4,>=1.37.2, but you have botocore 1.34.162 which is incompatible.
#14 9.862 sagemaker-studio 1.0.14 requires boto3>=1.34.106, but you have boto3 1.34.78 which is incompatible.
#14 9.862 Successfully installed apache-airflow-providers-amazon-8.12.0 apache-airflow-providers-microsoft-mssql-3.7.2 boto3-1.34.78 botocore-1.34.162 paramiko-3.4.0 pymssql-2.3.6 pyodbc-5.1.0 s3transfer-0.10.4 sqlalchemy_redshift-0.8.14
#14 DONE 10.3s

#15 [airflow-apiserver] exporting to image
#15 exporting layers
#15 exporting layers 0.3s done
#15 writing image sha256:9e2e7af58facee9362892141b68f19c0c6431820d3835a9c34b69154e1d0ee18 done
#15 naming to docker.io/apache/airflow:2.8.4-python3.10 done
#15 DONE 0.4s

#16 [airflow-scheduler] exporting to image
#16 exporting layers 0.3s done
#16 writing image sha256:8f7cb76fd087066b164d95cce713cdd164f249d5fff8cd2c285606b69e874ea0 done
#16 naming to docker.io/apache/airflow:2.8.4-python3.10 done
#16 DONE 0.4s

#17 [airflow-scheduler] resolving provenance for metadata file
#17 DONE 0.0s

#18 [airflow-apiserver] resolving provenance for metadata file
#18 DONE 0.0s
 airflow-apiserver  Built
 airflow-scheduler  Built
